<?xml version="1.0" encoding="utf-8"?>
<TestRun id="d99108f6-5408-40ab-901e-25b8d656fdeb" name="@DESKTOP-0SCUMSC 2026-04-03 04:51:12" xmlns="http://microsoft.com/schemas/VisualStudio/TeamTest/2010">
  <Times creation="2026-04-03T04:51:12.9195630+02:00" queuing="2026-04-03T04:51:12.9195632+02:00" start="2026-04-03T04:50:38.4841793+02:00" finish="2026-04-03T04:51:12.9658728+02:00" />
  <TestSettings name="default" id="f51670dc-3a36-44bc-9483-dbc2593f2bf9">
    <Deployment runDeploymentRoot="_DESKTOP-0SCUMSC_2026-04-03_04_51_12" />
  </TestSettings>
  <Results>
    <UnitTestResult executionId="f2176d48-31c9-4a4a-ad7b-46a4b1210257" testId="0d42d9b8-5cf9-2b53-7d26-b1f8fae856e3" testName="Ecommerce.Orders.Tests.Application.PlaceOrderHandlerTests.Order_Cancel_WhenConfirmed_SetsStatusCancelled" computerName="DESKTOP-0SCUMSC" duration="00:00:00.0045388" startTime="2026-04-03T04:51:11.9544810+02:00" endTime="2026-04-03T04:51:11.9544817+02:00" testType="13cdc9d9-ddb5-4fa4-a97d-d965ccfc6d4b" outcome="Passed" testListId="8c84fa94-04c1-424b-9868-57a2d4851a1d" relativeResultsDirectory="f2176d48-31c9-4a4a-ad7b-46a4b1210257" />
    <UnitTestResult executionId="20d6e13f-10a5-4ce3-af9f-ca5486fccf6b" testId="710231f3-2948-154a-de10-0f3aeccee8e4" testName="Ecommerce.Orders.Tests.UnitTest1.Test1" computerName="DESKTOP-0SCUMSC" duration="00:00:00.0348197" startTime="2026-04-03T04:51:11.4596008+02:00" endTime="2026-04-03T04:51:11.4596968+02:00" testType="13cdc9d9-ddb5-4fa4-a97d-d965ccfc6d4b" outcome="Passed" testListId="8c84fa94-04c1-424b-9868-57a2d4851a1d" relativeResultsDirectory="20d6e13f-10a5-4ce3-af9f-ca5486fccf6b" />
    <UnitTestResult executionId="f3881fa3-ac5f-4c1e-8fd3-4ed6e1e1bc47" testId="3cb164a0-4fb7-a7b2-b318-b4ce6212239c" testName="Ecommerce.Orders.Tests.Application.OutboxIntegrationTests.OrderConfirmedEvent_HasCorrectData" computerName="DESKTOP-0SCUMSC" duration="00:00:00.1984396" startTime="2026-04-03T04:51:11.7005914+02:00" endTime="2026-04-03T04:51:11.7005921+02:00" testType="13cdc9d9-ddb5-4fa4-a97d-d965ccfc6d4b" outcome="Passed" testListId="8c84fa94-04c1-424b-9868-57a2d4851a1d" relativeResultsDirectory="f3881fa3-ac5f-4c1e-8fd3-4ed6e1e1bc47" />
    <UnitTestResult executionId="ccbfc458-203f-4c20-9738-af25339a75f4" testId="7c552f9d-7124-f4a8-cda9-89bb113d6e2d" testName="Ecommerce.Orders.Tests.Application.PlaceOrderHandlerTests.OrderItem_Snapshot_StoresProductData" computerName="DESKTOP-0SCUMSC" duration="00:00:00.0011129" startTime="2026-04-03T04:51:11.9586783+02:00" endTime="2026-04-03T04:51:11.9586786+02:00" testType="13cdc9d9-ddb5-4fa4-a97d-d965ccfc6d4b" outcome="Passed" testListId="8c84fa94-04c1-424b-9868-57a2d4851a1d" relativeResultsDirectory="ccbfc458-203f-4c20-9738-af25339a75f4" />
    <UnitTestResult executionId="00147a4b-cd1a-4667-bfe0-26f4ee45aa72" testId="316213c9-86eb-884b-4416-dc9de9bb0fe7" testName="Ecommerce.Orders.Tests.Application.PlaceOrderHandlerTests.Order_Cancel_AfterConfirm_SetsStatusCancelled" computerName="DESKTOP-0SCUMSC" duration="00:00:00.8304994" startTime="2026-04-03T04:51:11.9397330+02:00" endTime="2026-04-03T04:51:11.9397332+02:00" testType="13cdc9d9-ddb5-4fa4-a97d-d965ccfc6d4b" outcome="Passed" testListId="8c84fa94-04c1-424b-9868-57a2d4851a1d" relativeResultsDirectory="00147a4b-cd1a-4667-bfe0-26f4ee45aa72" />
    <UnitTestResult executionId="54dee9f6-9dda-4fab-8e83-3ad458780818" testId="24f0cd38-37f1-ebba-e191-6cbe6ddabbef" testName="Ecommerce.Orders.Tests.Application.PlaceOrderHandlerTests.Order_Create_CalculatesTotalCorrectly" computerName="DESKTOP-0SCUMSC" duration="00:00:00.0012193" startTime="2026-04-03T04:51:11.9565306+02:00" endTime="2026-04-03T04:51:11.9565308+02:00" testType="13cdc9d9-ddb5-4fa4-a97d-d965ccfc6d4b" outcome="Passed" testListId="8c84fa94-04c1-424b-9868-57a2d4851a1d" relativeResultsDirectory="54dee9f6-9dda-4fab-8e83-3ad458780818" />
    <UnitTestResult executionId="69d5fec2-1569-4a2c-899c-0f94d8bb7714" testId="6745beeb-8f96-4855-3d4f-cdaeef0eb025" testName="Ecommerce.Orders.Tests.Application.PlaceOrderHandlerTests.Handle_ValidCommand_ReturnsSuccessWithOrderId" computerName="DESKTOP-0SCUMSC" duration="00:00:00.0105152" startTime="2026-04-03T04:51:11.9539187+02:00" endTime="2026-04-03T04:51:11.9539191+02:00" testType="13cdc9d9-ddb5-4fa4-a97d-d965ccfc6d4b" outcome="Passed" testListId="8c84fa94-04c1-424b-9868-57a2d4851a1d" relativeResultsDirectory="69d5fec2-1569-4a2c-899c-0f94d8bb7714" />
    <UnitTestResult executionId="8f7897a9-5575-491d-a6a8-69aff669a08e" testId="1b6ae3a6-2bcb-8e57-22d9-4ba50614b667" testName="Ecommerce.Orders.Tests.Application.OutboxIntegrationTests.PlaceOrder_Creates_Order_With_CorrectItems_For_Outbox" computerName="DESKTOP-0SCUMSC" duration="00:00:00.2690370" startTime="2026-04-03T04:51:11.7018139+02:00" endTime="2026-04-03T04:51:11.7018141+02:00" testType="13cdc9d9-ddb5-4fa4-a97d-d965ccfc6d4b" outcome="Passed" testListId="8c84fa94-04c1-424b-9868-57a2d4851a1d" relativeResultsDirectory="8f7897a9-5575-491d-a6a8-69aff669a08e" />
  </Results>
  <TestDefinitions>
    <UnitTest name="Ecommerce.Orders.Tests.Application.OutboxIntegrationTests.OrderConfirmedEvent_HasCorrectData" storage="/home/kengn/projects/ecommerce/tests/ecommerce.orders.tests/bin/release/net8.0/ecommerce.orders.tests.dll" id="3cb164a0-4fb7-a7b2-b318-b4ce6212239c">
      <Execution id="f3881fa3-ac5f-4c1e-8fd3-4ed6e1e1bc47" />
      <TestMethod codeBase="/home/kengn/projects/Ecommerce/tests/Ecommerce.Orders.Tests/bin/Release/net8.0/Ecommerce.Orders.Tests.dll" adapterTypeName="executor://xunit/VsTestRunner2/netcoreapp" className="Ecommerce.Orders.Tests.Application.OutboxIntegrationTests" name="OrderConfirmedEvent_HasCorrectData" />
    </UnitTest>
    <UnitTest name="Ecommerce.Orders.Tests.Application.PlaceOrderHandlerTests.Order_Create_CalculatesTotalCorrectly" storage="/home/kengn/projects/ecommerce/tests/ecommerce.orders.tests/bin/release/net8.0/ecommerce.orders.tests.dll" id="24f0cd38-37f1-ebba-e191-6cbe6ddabbef">
      <Execution id="54dee9f6-9dda-4fab-8e83-3ad458780818" />
      <TestMethod codeBase="/home/kengn/projects/Ecommerce/tests/Ecommerce.Orders.Tests/bin/Release/net8.0/Ecommerce.Orders.Tests.dll" adapterTypeName="executor://xunit/VsTestRunner2/netcoreapp" className="Ecommerce.Orders.Tests.Application.PlaceOrderHandlerTests" name="Order_Create_CalculatesTotalCorrectly" />
    </UnitTest>
    <UnitTest name="Ecommerce.Orders.Tests.Application.PlaceOrderHandlerTests.Handle_ValidCommand_ReturnsSuccessWithOrderId" storage="/home/kengn/projects/ecommerce/tests/ecommerce.orders.tests/bin/release/net8.0/ecommerce.orders.tests.dll" id="6745beeb-8f96-4855-3d4f-cdaeef0eb025">
      <Execution id="69d5fec2-1569-4a2c-899c-0f94d8bb7714" />
      <TestMethod codeBase="/home/kengn/projects/Ecommerce/tests/Ecommerce.Orders.Tests/bin/Release/net8.0/Ecommerce.Orders.Tests.dll" adapterTypeName="executor://xunit/VsTestRunner2/netcoreapp" className="Ecommerce.Orders.Tests.Application.PlaceOrderHandlerTests" name="Handle_ValidCommand_ReturnsSuccessWithOrderId" />
    </UnitTest>
    <UnitTest name="Ecommerce.Orders.Tests.UnitTest1.Test1" storage="/home/kengn/projects/ecommerce/tests/ecommerce.orders.tests/bin/release/net8.0/ecommerce.orders.tests.dll" id="710231f3-2948-154a-de10-0f3aeccee8e4">
      <Execution id="20d6e13f-10a5-4ce3-af9f-ca5486fccf6b" />
      <TestMethod codeBase="/home/kengn/projects/Ecommerce/tests/Ecommerce.Orders.Tests/bin/Release/net8.0/Ecommerce.Orders.Tests.dll" adapterTypeName="executor://xunit/VsTestRunner2/netcoreapp" className="Ecommerce.Orders.Tests.UnitTest1" name="Test1" />
    </UnitTest>
    <UnitTest name="Ecommerce.Orders.Tests.Application.PlaceOrderHandlerTests.Order_Cancel_WhenConfirmed_SetsStatusCancelled" storage="/home/kengn/projects/ecommerce/tests/ecommerce.orders.tests/bin/release/net8.0/ecommerce.orders.tests.dll" id="0d42d9b8-5cf9-2b53-7d26-b1f8fae856e3">
      <Execution id="f2176d48-31c9-4a4a-ad7b-46a4b1210257" />
      <TestMethod codeBase="/home/kengn/projects/Ecommerce/tests/Ecommerce.Orders.Tests/bin/Release/net8.0/Ecommerce.Orders.Tests.dll" adapterTypeName="executor://xunit/VsTestRunner2/netcoreapp" className="Ecommerce.Orders.Tests.Application.PlaceOrderHandlerTests" name="Order_Cancel_WhenConfirmed_SetsStatusCancelled" />
    </UnitTest>
    <UnitTest name="Ecommerce.Orders.Tests.Application.PlaceOrderHandlerTests.OrderItem_Snapshot_StoresProductData" storage="/home/kengn/projects/ecommerce/tests/ecommerce.orders.tests/bin/release/net8.0/ecommerce.orders.tests.dll" id="7c552f9d-7124-f4a8-cda9-89bb113d6e2d">
      <Execution id="ccbfc458-203f-4c20-9738-af25339a75f4" />
      <TestMethod codeBase="/home/kengn/projects/Ecommerce/tests/Ecommerce.Orders.Tests/bin/Release/net8.0/Ecommerce.Orders.Tests.dll" adapterTypeName="executor://xunit/VsTestRunner2/netcoreapp" className="Ecommerce.Orders.Tests.Application.PlaceOrderHandlerTests" name="OrderItem_Snapshot_StoresProductData" />
    </UnitTest>
    <UnitTest name="Ecommerce.Orders.Tests.Application.OutboxIntegrationTests.PlaceOrder_Creates_Order_With_CorrectItems_For_Outbox" storage="/home/kengn/projects/ecommerce/tests/ecommerce.orders.tests/bin/release/net8.0/ecommerce.orders.tests.dll" id="1b6ae3a6-2bcb-8e57-22d9-4ba50614b667">
      <Execution id="8f7897a9-5575-491d-a6a8-69aff669a08e" />
      <TestMethod codeBase="/home/kengn/projects/Ecommerce/tests/Ecommerce.Orders.Tests/bin/Release/net8.0/Ecommerce.Orders.Tests.dll" adapterTypeName="executor://xunit/VsTestRunner2/netcoreapp" className="Ecommerce.Orders.Tests.Application.OutboxIntegrationTests" name="PlaceOrder_Creates_Order_With_CorrectItems_For_Outbox" />
    </UnitTest>
    <UnitTest name="Ecommerce.Orders.Tests.Application.PlaceOrderHandlerTests.Order_Cancel_AfterConfirm_SetsStatusCancelled" storage="/home/kengn/projects/ecommerce/tests/ecommerce.orders.tests/bin/release/net8.0/ecommerce.orders.tests.dll" id="316213c9-86eb-884b-4416-dc9de9bb0fe7">
      <Execution id="00147a4b-cd1a-4667-bfe0-26f4ee45aa72" />
      <TestMethod codeBase="/home/kengn/projects/Ecommerce/tests/Ecommerce.Orders.Tests/bin/Release/net8.0/Ecommerce.Orders.Tests.dll" adapterTypeName="executor://xunit/VsTestRunner2/netcoreapp" className="Ecommerce.Orders.Tests.Application.PlaceOrderHandlerTests" name="Order_Cancel_AfterConfirm_SetsStatusCancelled" />
    </UnitTest>
  </TestDefinitions>
  <TestEntries>
    <TestEntry testId="0d42d9b8-5cf9-2b53-7d26-b1f8fae856e3" executionId="f2176d48-31c9-4a4a-ad7b-46a4b1210257" testListId="8c84fa94-04c1-424b-9868-57a2d4851a1d" />
    <TestEntry testId="710231f3-2948-154a-de10-0f3aeccee8e4" executionId="20d6e13f-10a5-4ce3-af9f-ca5486fccf6b" testListId="8c84fa94-04c1-424b-9868-57a2d4851a1d" />
    <TestEntry testId="3cb164a0-4fb7-a7b2-b318-b4ce6212239c" executionId="f3881fa3-ac5f-4c1e-8fd3-4ed6e1e1bc47" testListId="8c84fa94-04c1-424b-9868-57a2d4851a1d" />
    <TestEntry testId="7c552f9d-7124-f4a8-cda9-89bb113d6e2d" executionId="ccbfc458-203f-4c20-9738-af25339a75f4" testListId="8c84fa94-04c1-424b-9868-57a2d4851a1d" />
    <TestEntry testId="316213c9-86eb-884b-4416-dc9de9bb0fe7" executionId="00147a4b-cd1a-4667-bfe0-26f4ee45aa72" testListId="8c84fa94-04c1-424b-9868-57a2d4851a1d" />
    <TestEntry testId="24f0cd38-37f1-ebba-e191-6cbe6ddabbef" executionId="54dee9f6-9dda-4fab-8e83-3ad458780818" testListId="8c84fa94-04c1-424b-9868-57a2d4851a1d" />
    <TestEntry testId="6745beeb-8f96-4855-3d4f-cdaeef0eb025" executionId="69d5fec2-1569-4a2c-899c-0f94d8bb7714" testListId="8c84fa94-04c1-424b-9868-57a2d4851a1d" />
    <TestEntry testId="1b6ae3a6-2bcb-8e57-22d9-4ba50614b667" executionId="8f7897a9-5575-491d-a6a8-69aff669a08e" testListId="8c84fa94-04c1-424b-9868-57a2d4851a1d" />
  </TestEntries>
  <TestLists>
    <TestList name="Results Not in a List" id="8c84fa94-04c1-424b-9868-57a2d4851a1d" />
    <TestList name="All Loaded Results" id="19431567-8539-422a-85d7-44ee4e166bda" />
  </TestLists>
  <ResultSummary outcome="Completed">
    <Counters total="8" executed="8" passed="8" failed="0" error="0" timeout="0" aborted="0" inconclusive="0" passedButRunAborted="0" notRunnable="0" notExecuted="0" disconnected="0" warning="0" completed="0" inProgress="0" pending="0" />
    <Output>
      <StdOut>[xUnit.net 00:00:00.03] xUnit.net VSTest Adapter v2.4.5+1caef2f33e (64-bit .NET 8.0.25)
[xUnit.net 00:00:18.03]   Discovering: Ecommerce.Orders.Tests
[xUnit.net 00:00:18.19]   Discovered:  Ecommerce.Orders.Tests
[xUnit.net 00:00:18.23]   Starting:    Ecommerce.Orders.Tests
[xUnit.net 00:00:19.33]   Finished:    Ecommerce.Orders.Tests
</StdOut>
    </Output>
  </ResultSummary>
</TestRun>