<?xml version="1.0" encoding="utf-8"?>
<TestRun id="f808e32b-d743-4955-b73c-e43800eceb3f" name="@DESKTOP-0SCUMSC 2026-04-03 05:10:51" xmlns="http://microsoft.com/schemas/VisualStudio/TeamTest/2010">
  <Times creation="2026-04-03T05:10:51.6070955+02:00" queuing="2026-04-03T05:10:51.6070957+02:00" start="2026-04-03T05:10:11.6679392+02:00" finish="2026-04-03T05:10:51.7188627+02:00" />
  <TestSettings name="default" id="6f7458b9-2b55-49c3-bb9e-1f8c320fe374">
    <Deployment runDeploymentRoot="_DESKTOP-0SCUMSC_2026-04-03_05_10_51" />
  </TestSettings>
  <Results>
    <UnitTestResult executionId="af2b1900-dc37-4fba-a10e-b8756192d145" testId="24f0cd38-37f1-ebba-e191-6cbe6ddabbef" testName="Ecommerce.Orders.Tests.Application.PlaceOrderHandlerTests.Order_Create_CalculatesTotalCorrectly" computerName="DESKTOP-0SCUMSC" duration="00:00:00.0019190" startTime="2026-04-03T05:10:49.9725638+02:00" endTime="2026-04-03T05:10:49.9725639+02:00" testType="13cdc9d9-ddb5-4fa4-a97d-d965ccfc6d4b" outcome="Passed" testListId="8c84fa94-04c1-424b-9868-57a2d4851a1d" relativeResultsDirectory="af2b1900-dc37-4fba-a10e-b8756192d145" />
    <UnitTestResult executionId="fd791b6f-54c3-48db-a9a1-963077042c8a" testId="1b6ae3a6-2bcb-8e57-22d9-4ba50614b667" testName="Ecommerce.Orders.Tests.Application.OutboxIntegrationTests.PlaceOrder_Creates_Order_With_CorrectItems_For_Outbox" computerName="DESKTOP-0SCUMSC" duration="00:00:00.0690866" startTime="2026-04-03T05:10:49.4702940+02:00" endTime="2026-04-03T05:10:49.4702942+02:00" testType="13cdc9d9-ddb5-4fa4-a97d-d965ccfc6d4b" outcome="Passed" testListId="8c84fa94-04c1-424b-9868-57a2d4851a1d" relativeResultsDirectory="fd791b6f-54c3-48db-a9a1-963077042c8a" />
    <UnitTestResult executionId="ae6e3696-9578-4794-9076-fc32e8c16790" testId="316213c9-86eb-884b-4416-dc9de9bb0fe7" testName="Ecommerce.Orders.Tests.Application.PlaceOrderHandlerTests.Order_Cancel_AfterConfirm_SetsStatusCancelled" computerName="DESKTOP-0SCUMSC" duration="00:00:00.8382444" startTime="2026-04-03T05:10:49.9176539+02:00" endTime="2026-04-03T05:10:49.9176540+02:00" testType="13cdc9d9-ddb5-4fa4-a97d-d965ccfc6d4b" outcome="Passed" testListId="8c84fa94-04c1-424b-9868-57a2d4851a1d" relativeResultsDirectory="ae6e3696-9578-4794-9076-fc32e8c16790" />
    <UnitTestResult executionId="7f3dac8c-f226-4e5f-8823-94b561f25fd9" testId="6745beeb-8f96-4855-3d4f-cdaeef0eb025" testName="Ecommerce.Orders.Tests.Application.PlaceOrderHandlerTests.Handle_ValidCommand_ReturnsSuccessWithOrderId" computerName="DESKTOP-0SCUMSC" duration="00:00:00.0105071" startTime="2026-04-03T05:10:49.9389776+02:00" endTime="2026-04-03T05:10:49.9389779+02:00" testType="13cdc9d9-ddb5-4fa4-a97d-d965ccfc6d4b" outcome="Passed" testListId="8c84fa94-04c1-424b-9868-57a2d4851a1d" relativeResultsDirectory="7f3dac8c-f226-4e5f-8823-94b561f25fd9" />
    <UnitTestResult executionId="20cd5b0d-9bd7-45fc-bed5-f181ec9986b6" testId="710231f3-2948-154a-de10-0f3aeccee8e4" testName="Ecommerce.Orders.Tests.UnitTest1.Test1" computerName="DESKTOP-0SCUMSC" duration="00:00:00.0475831" startTime="2026-04-03T05:10:49.2561849+02:00" endTime="2026-04-03T05:10:49.2609183+02:00" testType="13cdc9d9-ddb5-4fa4-a97d-d965ccfc6d4b" outcome="Passed" testListId="8c84fa94-04c1-424b-9868-57a2d4851a1d" relativeResultsDirectory="20cd5b0d-9bd7-45fc-bed5-f181ec9986b6" />
    <UnitTestResult executionId="3c6cd0c7-797d-4b64-b17f-4495d446ef0d" testId="7c552f9d-7124-f4a8-cda9-89bb113d6e2d" testName="Ecommerce.Orders.Tests.Application.PlaceOrderHandlerTests.OrderItem_Snapshot_StoresProductData" computerName="DESKTOP-0SCUMSC" duration="00:00:00.0060486" startTime="2026-04-03T05:10:50.0017669+02:00" endTime="2026-04-03T05:10:50.0017671+02:00" testType="13cdc9d9-ddb5-4fa4-a97d-d965ccfc6d4b" outcome="Passed" testListId="8c84fa94-04c1-424b-9868-57a2d4851a1d" relativeResultsDirectory="3c6cd0c7-797d-4b64-b17f-4495d446ef0d" />
    <UnitTestResult executionId="ac5fb563-0c5f-474f-8fdf-e90b70167bf2" testId="3cb164a0-4fb7-a7b2-b318-b4ce6212239c" testName="Ecommerce.Orders.Tests.Application.OutboxIntegrationTests.OrderConfirmedEvent_HasCorrectData" computerName="DESKTOP-0SCUMSC" duration="00:00:00.2306159" startTime="2026-04-03T05:10:49.4524386+02:00" endTime="2026-04-03T05:10:49.4524387+02:00" testType="13cdc9d9-ddb5-4fa4-a97d-d965ccfc6d4b" outcome="Passed" testListId="8c84fa94-04c1-424b-9868-57a2d4851a1d" relativeResultsDirectory="ac5fb563-0c5f-474f-8fdf-e90b70167bf2" />
    <UnitTestResult executionId="381786cc-467e-4221-a53b-046e26667c18" testId="0d42d9b8-5cf9-2b53-7d26-b1f8fae856e3" testName="Ecommerce.Orders.Tests.Application.PlaceOrderHandlerTests.Order_Cancel_WhenConfirmed_SetsStatusCancelled" computerName="DESKTOP-0SCUMSC" duration="00:00:00.0011179" startTime="2026-04-03T05:10:49.9412907+02:00" endTime="2026-04-03T05:10:49.9412908+02:00" testType="13cdc9d9-ddb5-4fa4-a97d-d965ccfc6d4b" outcome="Passed" testListId="8c84fa94-04c1-424b-9868-57a2d4851a1d" relativeResultsDirectory="381786cc-467e-4221-a53b-046e26667c18" />
  </Results>
  <TestDefinitions>
    <UnitTest name="Ecommerce.Orders.Tests.Application.OutboxIntegrationTests.OrderConfirmedEvent_HasCorrectData" storage="/home/kengn/projects/ecommerce/tests/ecommerce.orders.tests/bin/release/net8.0/ecommerce.orders.tests.dll" id="3cb164a0-4fb7-a7b2-b318-b4ce6212239c">
      <Execution id="ac5fb563-0c5f-474f-8fdf-e90b70167bf2" />
      <TestMethod codeBase="/home/kengn/projects/Ecommerce/tests/Ecommerce.Orders.Tests/bin/Release/net8.0/Ecommerce.Orders.Tests.dll" adapterTypeName="executor://xunit/VsTestRunner2/netcoreapp" className="Ecommerce.Orders.Tests.Application.OutboxIntegrationTests" name="OrderConfirmedEvent_HasCorrectData" />
    </UnitTest>
    <UnitTest name="Ecommerce.Orders.Tests.Application.PlaceOrderHandlerTests.Order_Create_CalculatesTotalCorrectly" storage="/home/kengn/projects/ecommerce/tests/ecommerce.orders.tests/bin/release/net8.0/ecommerce.orders.tests.dll" id="24f0cd38-37f1-ebba-e191-6cbe6ddabbef">
      <Execution id="af2b1900-dc37-4fba-a10e-b8756192d145" />
      <TestMethod codeBase="/home/kengn/projects/Ecommerce/tests/Ecommerce.Orders.Tests/bin/Release/net8.0/Ecommerce.Orders.Tests.dll" adapterTypeName="executor://xunit/VsTestRunner2/netcoreapp" className="Ecommerce.Orders.Tests.Application.PlaceOrderHandlerTests" name="Order_Create_CalculatesTotalCorrectly" />
    </UnitTest>
    <UnitTest name="Ecommerce.Orders.Tests.Application.PlaceOrderHandlerTests.Handle_ValidCommand_ReturnsSuccessWithOrderId" storage="/home/kengn/projects/ecommerce/tests/ecommerce.orders.tests/bin/release/net8.0/ecommerce.orders.tests.dll" id="6745beeb-8f96-4855-3d4f-cdaeef0eb025">
      <Execution id="7f3dac8c-f226-4e5f-8823-94b561f25fd9" />
      <TestMethod codeBase="/home/kengn/projects/Ecommerce/tests/Ecommerce.Orders.Tests/bin/Release/net8.0/Ecommerce.Orders.Tests.dll" adapterTypeName="executor://xunit/VsTestRunner2/netcoreapp" className="Ecommerce.Orders.Tests.Application.PlaceOrderHandlerTests" name="Handle_ValidCommand_ReturnsSuccessWithOrderId" />
    </UnitTest>
    <UnitTest name="Ecommerce.Orders.Tests.UnitTest1.Test1" storage="/home/kengn/projects/ecommerce/tests/ecommerce.orders.tests/bin/release/net8.0/ecommerce.orders.tests.dll" id="710231f3-2948-154a-de10-0f3aeccee8e4">
      <Execution id="20cd5b0d-9bd7-45fc-bed5-f181ec9986b6" />
      <TestMethod codeBase="/home/kengn/projects/Ecommerce/tests/Ecommerce.Orders.Tests/bin/Release/net8.0/Ecommerce.Orders.Tests.dll" adapterTypeName="executor://xunit/VsTestRunner2/netcoreapp" className="Ecommerce.Orders.Tests.UnitTest1" name="Test1" />
    </UnitTest>
    <UnitTest name="Ecommerce.Orders.Tests.Application.PlaceOrderHandlerTests.Order_Cancel_WhenConfirmed_SetsStatusCancelled" storage="/home/kengn/projects/ecommerce/tests/ecommerce.orders.tests/bin/release/net8.0/ecommerce.orders.tests.dll" id="0d42d9b8-5cf9-2b53-7d26-b1f8fae856e3">
      <Execution id="381786cc-467e-4221-a53b-046e26667c18" />
      <TestMethod codeBase="/home/kengn/projects/Ecommerce/tests/Ecommerce.Orders.Tests/bin/Release/net8.0/Ecommerce.Orders.Tests.dll" adapterTypeName="executor://xunit/VsTestRunner2/netcoreapp" className="Ecommerce.Orders.Tests.Application.PlaceOrderHandlerTests" name="Order_Cancel_WhenConfirmed_SetsStatusCancelled" />
    </UnitTest>
    <UnitTest name="Ecommerce.Orders.Tests.Application.PlaceOrderHandlerTests.OrderItem_Snapshot_StoresProductData" storage="/home/kengn/projects/ecommerce/tests/ecommerce.orders.tests/bin/release/net8.0/ecommerce.orders.tests.dll" id="7c552f9d-7124-f4a8-cda9-89bb113d6e2d">
      <Execution id="3c6cd0c7-797d-4b64-b17f-4495d446ef0d" />
      <TestMethod codeBase="/home/kengn/projects/Ecommerce/tests/Ecommerce.Orders.Tests/bin/Release/net8.0/Ecommerce.Orders.Tests.dll" adapterTypeName="executor://xunit/VsTestRunner2/netcoreapp" className="Ecommerce.Orders.Tests.Application.PlaceOrderHandlerTests" name="OrderItem_Snapshot_StoresProductData" />
    </UnitTest>
    <UnitTest name="Ecommerce.Orders.Tests.Application.OutboxIntegrationTests.PlaceOrder_Creates_Order_With_CorrectItems_For_Outbox" storage="/home/kengn/projects/ecommerce/tests/ecommerce.orders.tests/bin/release/net8.0/ecommerce.orders.tests.dll" id="1b6ae3a6-2bcb-8e57-22d9-4ba50614b667">
      <Execution id="fd791b6f-54c3-48db-a9a1-963077042c8a" />
      <TestMethod codeBase="/home/kengn/projects/Ecommerce/tests/Ecommerce.Orders.Tests/bin/Release/net8.0/Ecommerce.Orders.Tests.dll" adapterTypeName="executor://xunit/VsTestRunner2/netcoreapp" className="Ecommerce.Orders.Tests.Application.OutboxIntegrationTests" name="PlaceOrder_Creates_Order_With_CorrectItems_For_Outbox" />
    </UnitTest>
    <UnitTest name="Ecommerce.Orders.Tests.Application.PlaceOrderHandlerTests.Order_Cancel_AfterConfirm_SetsStatusCancelled" storage="/home/kengn/projects/ecommerce/tests/ecommerce.orders.tests/bin/release/net8.0/ecommerce.orders.tests.dll" id="316213c9-86eb-884b-4416-dc9de9bb0fe7">
      <Execution id="ae6e3696-9578-4794-9076-fc32e8c16790" />
      <TestMethod codeBase="/home/kengn/projects/Ecommerce/tests/Ecommerce.Orders.Tests/bin/Release/net8.0/Ecommerce.Orders.Tests.dll" adapterTypeName="executor://xunit/VsTestRunner2/netcoreapp" className="Ecommerce.Orders.Tests.Application.PlaceOrderHandlerTests" name="Order_Cancel_AfterConfirm_SetsStatusCancelled" />
    </UnitTest>
  </TestDefinitions>
  <TestEntries>
    <TestEntry testId="24f0cd38-37f1-ebba-e191-6cbe6ddabbef" executionId="af2b1900-dc37-4fba-a10e-b8756192d145" testListId="8c84fa94-04c1-424b-9868-57a2d4851a1d" />
    <TestEntry testId="1b6ae3a6-2bcb-8e57-22d9-4ba50614b667" executionId="fd791b6f-54c3-48db-a9a1-963077042c8a" testListId="8c84fa94-04c1-424b-9868-57a2d4851a1d" />
    <TestEntry testId="316213c9-86eb-884b-4416-dc9de9bb0fe7" executionId="ae6e3696-9578-4794-9076-fc32e8c16790" testListId="8c84fa94-04c1-424b-9868-57a2d4851a1d" />
    <TestEntry testId="6745beeb-8f96-4855-3d4f-cdaeef0eb025" executionId="7f3dac8c-f226-4e5f-8823-94b561f25fd9" testListId="8c84fa94-04c1-424b-9868-57a2d4851a1d" />
    <TestEntry testId="710231f3-2948-154a-de10-0f3aeccee8e4" executionId="20cd5b0d-9bd7-45fc-bed5-f181ec9986b6" testListId="8c84fa94-04c1-424b-9868-57a2d4851a1d" />
    <TestEntry testId="7c552f9d-7124-f4a8-cda9-89bb113d6e2d" executionId="3c6cd0c7-797d-4b64-b17f-4495d446ef0d" testListId="8c84fa94-04c1-424b-9868-57a2d4851a1d" />
    <TestEntry testId="3cb164a0-4fb7-a7b2-b318-b4ce6212239c" executionId="ac5fb563-0c5f-474f-8fdf-e90b70167bf2" testListId="8c84fa94-04c1-424b-9868-57a2d4851a1d" />
    <TestEntry testId="0d42d9b8-5cf9-2b53-7d26-b1f8fae856e3" executionId="381786cc-467e-4221-a53b-046e26667c18" testListId="8c84fa94-04c1-424b-9868-57a2d4851a1d" />
  </TestEntries>
  <TestLists>
    <TestList name="Results Not in a List" id="8c84fa94-04c1-424b-9868-57a2d4851a1d" />
    <TestList name="All Loaded Results" id="19431567-8539-422a-85d7-44ee4e166bda" />
  </TestLists>
  <ResultSummary outcome="Completed">
    <Counters total="8" executed="8" passed="8" failed="0" error="0" timeout="0" aborted="0" inconclusive="0" passedButRunAborted="0" notRunnable="0" notExecuted="0" disconnected="0" warning="0" completed="0" inProgress="0" pending="0" />
    <Output>
      <StdOut>[xUnit.net 00:00:00.09] xUnit.net VSTest Adapter v2.4.5+1caef2f33e (64-bit .NET 8.0.25)
[xUnit.net 00:00:25.65]   Discovering: Ecommerce.Orders.Tests
[xUnit.net 00:00:25.87]   Discovered:  Ecommerce.Orders.Tests
[xUnit.net 00:00:25.89]   Starting:    Ecommerce.Orders.Tests
[xUnit.net 00:00:27.14]   Finished:    Ecommerce.Orders.Tests
</StdOut>
    </Output>
  </ResultSummary>
</TestRun>