<?xml version="1.0" encoding="utf-8"?>
<TestRun id="7867fbb2-7dea-4580-acb3-7a9566f71d6b" name="@DESKTOP-0SCUMSC 2026-04-03 05:21:37" xmlns="http://microsoft.com/schemas/VisualStudio/TeamTest/2010">
  <Times creation="2026-04-03T05:21:37.8054329+02:00" queuing="2026-04-03T05:21:37.8054331+02:00" start="2026-04-03T05:21:00.0877083+02:00" finish="2026-04-03T05:21:37.8268043+02:00" />
  <TestSettings name="default" id="05dc50dc-2014-4a5f-a944-8544e5f4b747">
    <Deployment runDeploymentRoot="_DESKTOP-0SCUMSC_2026-04-03_05_21_37" />
  </TestSettings>
  <Results>
    <UnitTestResult executionId="ae514a38-c2e2-42b2-ae2a-2f60c9a7a492" testId="94734510-fd24-da5f-93d4-a17421fd021b" testName="Ecommerce.Loyalty.Tests.Application.OnOrderConfirmedTests.LoyaltyAccount_AddPoints_CreatesEarnTransaction" computerName="DESKTOP-0SCUMSC" duration="00:00:00.1317222" startTime="2026-04-03T05:21:37.4588816+02:00" endTime="2026-04-03T05:21:37.4588818+02:00" testType="13cdc9d9-ddb5-4fa4-a97d-d965ccfc6d4b" outcome="Passed" testListId="8c84fa94-04c1-424b-9868-57a2d4851a1d" relativeResultsDirectory="ae514a38-c2e2-42b2-ae2a-2f60c9a7a492" />
    <UnitTestResult executionId="fdd60306-4055-48b8-9561-bd33f865cfa5" testId="f7d6fb3f-5d24-f854-62f4-9033f5dd2965" testName="Ecommerce.Loyalty.Tests.Application.IdempotencyTests.OrderId_AlreadyProcessed_ShouldNotAddDuplicateTransaction" computerName="DESKTOP-0SCUMSC" duration="00:00:00.1212127" startTime="2026-04-03T05:21:37.4429943+02:00" endTime="2026-04-03T05:21:37.4429946+02:00" testType="13cdc9d9-ddb5-4fa4-a97d-d965ccfc6d4b" outcome="Passed" testListId="8c84fa94-04c1-424b-9868-57a2d4851a1d" relativeResultsDirectory="fdd60306-4055-48b8-9561-bd33f865cfa5" />
    <UnitTestResult executionId="fa753b29-1753-41df-9ec0-ad5d570be3ff" testId="203242b6-40ae-5407-9852-e4b3e4152e22" testName="Ecommerce.Loyalty.Tests.Application.IdempotencyTests.SameOrderId_ProcessedTwice_BalanceUnchangedSecondTime" computerName="DESKTOP-0SCUMSC" duration="00:00:00.0032511" startTime="2026-04-03T05:21:37.4599091+02:00" endTime="2026-04-03T05:21:37.4599092+02:00" testType="13cdc9d9-ddb5-4fa4-a97d-d965ccfc6d4b" outcome="Passed" testListId="8c84fa94-04c1-424b-9868-57a2d4851a1d" relativeResultsDirectory="fa753b29-1753-41df-9ec0-ad5d570be3ff" />
    <UnitTestResult executionId="953b127f-5bc8-44b7-ad1e-edf17ea131dd" testId="cb4612e7-d2c4-76d0-4f02-9c4c9c660a85" testName="Ecommerce.Loyalty.Tests.Application.OnOrderConfirmedTests.LoyaltyAccount_AddPoints_IncreasesBalanceAndLifetime" computerName="DESKTOP-0SCUMSC" duration="00:00:00.0013263" startTime="2026-04-03T05:21:37.4600881+02:00" endTime="2026-04-03T05:21:37.4600882+02:00" testType="13cdc9d9-ddb5-4fa4-a97d-d965ccfc6d4b" outcome="Passed" testListId="8c84fa94-04c1-424b-9868-57a2d4851a1d" relativeResultsDirectory="953b127f-5bc8-44b7-ad1e-edf17ea131dd" />
    <UnitTestResult executionId="6c5b2566-465c-4541-9b6b-193cb66fe2b7" testId="9ada8e83-b44c-2db8-e3de-caa7d6f8a028" testName="Ecommerce.Loyalty.Tests.Application.OnOrderConfirmedTests.LoyaltyProgram_PointsCalculation_AppliesMultiplier" computerName="DESKTOP-0SCUMSC" duration="00:00:00.0032219" startTime="2026-04-03T05:21:37.4604433+02:00" endTime="2026-04-03T05:21:37.4604435+02:00" testType="13cdc9d9-ddb5-4fa4-a97d-d965ccfc6d4b" outcome="Passed" testListId="8c84fa94-04c1-424b-9868-57a2d4851a1d" relativeResultsDirectory="6c5b2566-465c-4541-9b6b-193cb66fe2b7" />
    <UnitTestResult executionId="a30f452a-81ea-46dd-bd73-09c802c25415" testId="c165ad30-15c2-f326-7205-4e5197bda899" testName="Ecommerce.Loyalty.Tests.Application.IdempotencyTests.DifferentOrderIds_BothProcessed_TwoTransactionsCreated" computerName="DESKTOP-0SCUMSC" duration="00:00:00.0008942" startTime="2026-04-03T05:21:37.4580935+02:00" endTime="2026-04-03T05:21:37.4581416+02:00" testType="13cdc9d9-ddb5-4fa4-a97d-d965ccfc6d4b" outcome="Passed" testListId="8c84fa94-04c1-424b-9868-57a2d4851a1d" relativeResultsDirectory="a30f452a-81ea-46dd-bd73-09c802c25415" />
    <UnitTestResult executionId="986d7dad-f7be-45fe-88dc-05de30aa79bc" testId="4b7d38ac-2854-bfc1-538c-ccb29f4c94a6" testName="Ecommerce.Loyalty.Tests.UnitTest1.Test1" computerName="DESKTOP-0SCUMSC" duration="00:00:00.0304759" startTime="2026-04-03T05:21:38.2207462+02:00" endTime="2026-04-03T05:21:38.2208524+02:00" testType="13cdc9d9-ddb5-4fa4-a97d-d965ccfc6d4b" outcome="Passed" testListId="8c84fa94-04c1-424b-9868-57a2d4851a1d" relativeResultsDirectory="986d7dad-f7be-45fe-88dc-05de30aa79bc" />
  </Results>
  <TestDefinitions>
    <UnitTest name="Ecommerce.Loyalty.Tests.Application.IdempotencyTests.SameOrderId_ProcessedTwice_BalanceUnchangedSecondTime" storage="/home/kengn/projects/ecommerce/tests/ecommerce.loyalty.tests/bin/release/net8.0/ecommerce.loyalty.tests.dll" id="203242b6-40ae-5407-9852-e4b3e4152e22">
      <Execution id="fa753b29-1753-41df-9ec0-ad5d570be3ff" />
      <TestMethod codeBase="/home/kengn/projects/Ecommerce/tests/Ecommerce.Loyalty.Tests/bin/Release/net8.0/Ecommerce.Loyalty.Tests.dll" adapterTypeName="executor://xunit/VsTestRunner2/netcoreapp" className="Ecommerce.Loyalty.Tests.Application.IdempotencyTests" name="SameOrderId_ProcessedTwice_BalanceUnchangedSecondTime" />
    </UnitTest>
    <UnitTest name="Ecommerce.Loyalty.Tests.Application.IdempotencyTests.DifferentOrderIds_BothProcessed_TwoTransactionsCreated" storage="/home/kengn/projects/ecommerce/tests/ecommerce.loyalty.tests/bin/release/net8.0/ecommerce.loyalty.tests.dll" id="c165ad30-15c2-f326-7205-4e5197bda899">
      <Execution id="a30f452a-81ea-46dd-bd73-09c802c25415" />
      <TestMethod codeBase="/home/kengn/projects/Ecommerce/tests/Ecommerce.Loyalty.Tests/bin/Release/net8.0/Ecommerce.Loyalty.Tests.dll" adapterTypeName="executor://xunit/VsTestRunner2/netcoreapp" className="Ecommerce.Loyalty.Tests.Application.IdempotencyTests" name="DifferentOrderIds_BothProcessed_TwoTransactionsCreated" />
    </UnitTest>
    <UnitTest name="Ecommerce.Loyalty.Tests.Application.OnOrderConfirmedTests.LoyaltyAccount_AddPoints_IncreasesBalanceAndLifetime" storage="/home/kengn/projects/ecommerce/tests/ecommerce.loyalty.tests/bin/release/net8.0/ecommerce.loyalty.tests.dll" id="cb4612e7-d2c4-76d0-4f02-9c4c9c660a85">
      <Execution id="953b127f-5bc8-44b7-ad1e-edf17ea131dd" />
      <TestMethod codeBase="/home/kengn/projects/Ecommerce/tests/Ecommerce.Loyalty.Tests/bin/Release/net8.0/Ecommerce.Loyalty.Tests.dll" adapterTypeName="executor://xunit/VsTestRunner2/netcoreapp" className="Ecommerce.Loyalty.Tests.Application.OnOrderConfirmedTests" name="LoyaltyAccount_AddPoints_IncreasesBalanceAndLifetime" />
    </UnitTest>
    <UnitTest name="Ecommerce.Loyalty.Tests.UnitTest1.Test1" storage="/home/kengn/projects/ecommerce/tests/ecommerce.loyalty.tests/bin/release/net8.0/ecommerce.loyalty.tests.dll" id="4b7d38ac-2854-bfc1-538c-ccb29f4c94a6">
      <Execution id="986d7dad-f7be-45fe-88dc-05de30aa79bc" />
      <TestMethod codeBase="/home/kengn/projects/Ecommerce/tests/Ecommerce.Loyalty.Tests/bin/Release/net8.0/Ecommerce.Loyalty.Tests.dll" adapterTypeName="executor://xunit/VsTestRunner2/netcoreapp" className="Ecommerce.Loyalty.Tests.UnitTest1" name="Test1" />
    </UnitTest>
    <UnitTest name="Ecommerce.Loyalty.Tests.Application.OnOrderConfirmedTests.LoyaltyProgram_PointsCalculation_AppliesMultiplier" storage="/home/kengn/projects/ecommerce/tests/ecommerce.loyalty.tests/bin/release/net8.0/ecommerce.loyalty.tests.dll" id="9ada8e83-b44c-2db8-e3de-caa7d6f8a028">
      <Execution id="6c5b2566-465c-4541-9b6b-193cb66fe2b7" />
      <TestMethod codeBase="/home/kengn/projects/Ecommerce/tests/Ecommerce.Loyalty.Tests/bin/Release/net8.0/Ecommerce.Loyalty.Tests.dll" adapterTypeName="executor://xunit/VsTestRunner2/netcoreapp" className="Ecommerce.Loyalty.Tests.Application.OnOrderConfirmedTests" name="LoyaltyProgram_PointsCalculation_AppliesMultiplier" />
    </UnitTest>
    <UnitTest name="Ecommerce.Loyalty.Tests.Application.OnOrderConfirmedTests.LoyaltyAccount_AddPoints_CreatesEarnTransaction" storage="/home/kengn/projects/ecommerce/tests/ecommerce.loyalty.tests/bin/release/net8.0/ecommerce.loyalty.tests.dll" id="94734510-fd24-da5f-93d4-a17421fd021b">
      <Execution id="ae514a38-c2e2-42b2-ae2a-2f60c9a7a492" />
      <TestMethod codeBase="/home/kengn/projects/Ecommerce/tests/Ecommerce.Loyalty.Tests/bin/Release/net8.0/Ecommerce.Loyalty.Tests.dll" adapterTypeName="executor://xunit/VsTestRunner2/netcoreapp" className="Ecommerce.Loyalty.Tests.Application.OnOrderConfirmedTests" name="LoyaltyAccount_AddPoints_CreatesEarnTransaction" />
    </UnitTest>
    <UnitTest name="Ecommerce.Loyalty.Tests.Application.IdempotencyTests.OrderId_AlreadyProcessed_ShouldNotAddDuplicateTransaction" storage="/home/kengn/projects/ecommerce/tests/ecommerce.loyalty.tests/bin/release/net8.0/ecommerce.loyalty.tests.dll" id="f7d6fb3f-5d24-f854-62f4-9033f5dd2965">
      <Execution id="fdd60306-4055-48b8-9561-bd33f865cfa5" />
      <TestMethod codeBase="/home/kengn/projects/Ecommerce/tests/Ecommerce.Loyalty.Tests/bin/Release/net8.0/Ecommerce.Loyalty.Tests.dll" adapterTypeName="executor://xunit/VsTestRunner2/netcoreapp" className="Ecommerce.Loyalty.Tests.Application.IdempotencyTests" name="OrderId_AlreadyProcessed_ShouldNotAddDuplicateTransaction" />
    </UnitTest>
  </TestDefinitions>
  <TestEntries>
    <TestEntry testId="94734510-fd24-da5f-93d4-a17421fd021b" executionId="ae514a38-c2e2-42b2-ae2a-2f60c9a7a492" testListId="8c84fa94-04c1-424b-9868-57a2d4851a1d" />
    <TestEntry testId="f7d6fb3f-5d24-f854-62f4-9033f5dd2965" executionId="fdd60306-4055-48b8-9561-bd33f865cfa5" testListId="8c84fa94-04c1-424b-9868-57a2d4851a1d" />
    <TestEntry testId="203242b6-40ae-5407-9852-e4b3e4152e22" executionId="fa753b29-1753-41df-9ec0-ad5d570be3ff" testListId="8c84fa94-04c1-424b-9868-57a2d4851a1d" />
    <TestEntry testId="cb4612e7-d2c4-76d0-4f02-9c4c9c660a85" executionId="953b127f-5bc8-44b7-ad1e-edf17ea131dd" testListId="8c84fa94-04c1-424b-9868-57a2d4851a1d" />
    <TestEntry testId="9ada8e83-b44c-2db8-e3de-caa7d6f8a028" executionId="6c5b2566-465c-4541-9b6b-193cb66fe2b7" testListId="8c84fa94-04c1-424b-9868-57a2d4851a1d" />
    <TestEntry testId="c165ad30-15c2-f326-7205-4e5197bda899" executionId="a30f452a-81ea-46dd-bd73-09c802c25415" testListId="8c84fa94-04c1-424b-9868-57a2d4851a1d" />
    <TestEntry testId="4b7d38ac-2854-bfc1-538c-ccb29f4c94a6" executionId="986d7dad-f7be-45fe-88dc-05de30aa79bc" testListId="8c84fa94-04c1-424b-9868-57a2d4851a1d" />
  </TestEntries>
  <TestLists>
    <TestList name="Results Not in a List" id="8c84fa94-04c1-424b-9868-57a2d4851a1d" />
    <TestList name="All Loaded Results" id="19431567-8539-422a-85d7-44ee4e166bda" />
  </TestLists>
  <ResultSummary outcome="Completed">
    <Counters total="7" executed="7" passed="7" failed="0" error="0" timeout="0" aborted="0" inconclusive="0" passedButRunAborted="0" notRunnable="0" notExecuted="0" disconnected="0" warning="0" completed="0" inProgress="0" pending="0" />
    <Output>
      <StdOut>[xUnit.net 00:00:00.04] xUnit.net VSTest Adapter v2.4.5+1caef2f33e (64-bit .NET 8.0.25)
[xUnit.net 00:00:21.72]   Discovering: Ecommerce.Loyalty.Tests
[xUnit.net 00:00:22.10]   Discovered:  Ecommerce.Loyalty.Tests
[xUnit.net 00:00:22.14]   Starting:    Ecommerce.Loyalty.Tests
[xUnit.net 00:00:22.79]   Finished:    Ecommerce.Loyalty.Tests
</StdOut>
    </Output>
  </ResultSummary>
</TestRun>